FF                                                                       [100%]
================================== FAILURES ===================================
_ test_fixed_api_interview_writes_corrects_and_preserves_manual_without_memory_facts _

jd = <analysis_agent.jd_service.JdService object at 0x0000027A69F32ED0>

    def test_fixed_api_interview_writes_corrects_and_preserves_manual_without_memory_facts(jd):
        transport=FixedInterview()
        fixture=scenario()
        with app_client(transport) as (client,service):
            document=client.post('/documents',json={'title':'Task6 合成設備維護','request_key':str(uuid4())}).json()['id']
            before=read(client,document)
            intro=submit(client,service,document,'intro')
            assert read(client,document)['revision_ref']==before['revision_ref']
            assert service.messages(document)[0]['text']==fixture['utterances']['intro']
            first=transport.requests[0]
            assert ADVISOR_INSTRUCTIONS in text_of([i for i in first['input'] if i.get('role') in ('system','developer')])
            assert '目前只做訪談分析，不製作或編輯JD' not in json.dumps(first,ensure_ascii=False)
            assert '/skills/write-customized-jd/SKILL.md' in json.dumps(first,ensure_ascii=False)
            from analysis_agent.jd_tools import NAMES
            from analysis_agent.jd_contract import SCHEMA_PATH
            definitions=json.loads(SCHEMA_PATH.read_text(encoding='utf8'))['$defs']
            tools={t['name']:t for t in first['tools']}
            for name,definition in NAMES.items():
                assert {k:v for k,v in tools[name]['parameters'].items() if k!='$defs'}==definitions[definition]
                assert tools[name]['description']==definitions[definition]['description']
            draft=submit(client,service,document,'draft')
            saved=read(client,document)
>           assert plain(saved['fragment'])==fixture['expected_initial_content']
E           AssertionError: assert [{'type': 'p'...'text': ''}]}] == [{'type': 'jd...資格尚未說明。'}]}]}]
E             
E             At index 0 diff: {'type': 'p', 'children': [{'text': ''}]} != {'type': 'jd_section', 'section_kind': 'identity', 'children': [{'type': 'h2', 'children': [{'text': '職務基本資料'}]}, {'type': 'p', 'children': [{'text': '設備維護工程師'}]}]}
E             Right contains 5 more items, first extra item: {'type': 'jd_section', 'section_kind': 'purpose', 'children': [{'type': 'h2', 'children': [{'text': '職務目的'}]}, {'type': 'p', 'children': [{'text': '維持服務範圍內設備的可用狀態，將異常與未排除問題交接相關人員。'}]}]}
E             Use -v to get more diff

tests\test_jd_end_to_end.py:80: AssertionError
-------------------------- Captured stdout teardown ---------------------------
PG exact snapshot: task-2-pg-be4c28eb-dc6e-4daa-8897-8dc71103cc15.jsonl
_ test_commit_reply_loss_reconciles_once_and_pure_interview_cancel_has_no_jd_receipt _

jd = <analysis_agent.jd_service.JdService object at 0x0000027A6A4F46E0>
monkeypatch = <_pytest.monkeypatch.MonkeyPatch object at 0x0000027A6A4F40E0>

    def test_commit_reply_loss_reconciles_once_and_pure_interview_cancel_has_no_jd_receipt(jd,monkeypatch):
        transport=FixedInterview()
        with app_client(transport) as (client,service):
            doc=client.post('/documents',json={'title':'Task6 丟回覆','request_key':str(uuid4())}).json()['id']
            submit(client,service,doc,'draft')
            original=service.jd.edit
            attempts=[]
            def lost(intent,**kwargs):
                result=original(intent,**kwargs);attempts.append(result)
                assert result.status=='committed'
                raise RuntimeError('Task6 injected post-commit result loss')
            with monkeypatch.context() as fault:
                fault.setattr(service.jd,'edit',lost)
                r=client.post(f'/documents/{doc}/runs',json={'request_key':str(uuid4()),'text':scenario()['utterances']['lost']}).json()
                service.join(doc)
            before=read(client,doc)
            request_count=len(transport.requests)
            stopped=client.post(f'/documents/{doc}/runs/{r["id"]}/stop').json()
            assert stopped['status']=='cancelled',stopped
>           assert len(attempts)==1 and len(transport.requests)==request_count
E           assert (0 == 1)
E            +  where 0 = len([])

tests\test_jd_end_to_end.py:159: AssertionError
-------------------------- Captured stdout teardown ---------------------------
PG exact snapshot: task-2-pg-be4c28eb-dc6e-4daa-8897-8dc71103cc15.jsonl
============================== warnings summary ===============================
.venv\Lib\site-packages\starlette\testclient.py:53
  S:\caliburn\.worktrees\analysis-only-agent\experiments\analysis-agent\.venv\Lib\site-packages\starlette\testclient.py:53: DeprecationWarning: The anyio.abc.BlockingPortal alias is deprecated, use anyio.from_thread.BlockingPortal instead.
    _PortalFactoryType = Callable[[], AbstractContextManager[anyio.abc.BlockingPortal]]

-- Docs: https://docs.pytest.org/en/stable/how-to/capture-warnings.html
=========================== short test summary info ===========================
FAILED tests/test_jd_end_to_end.py::test_fixed_api_interview_writes_corrects_and_preserves_manual_without_memory_facts
FAILED tests/test_jd_end_to_end.py::test_commit_reply_loss_reconciles_once_and_pure_interview_cancel_has_no_jd_receipt
2 failed, 1 warning in 21.72s
