{"model": "BAAI/bge-reranker-v2-m3", "revision": "953dc6f6f85a1b2dbfca4c34a2796e7dde08d41e", "download_seconds": 1378.0161210229999, "packages": {"torch": "2.10.0+cu128", "transformers": "4.57.6", "huggingface-hub": "0.36.2"}}
Skipping import of cpp extensions due to incompatible torch version 2.10.0+cu128 for torchao version 0.14.0         Please see GitHub issue #2919 for more info
{"model": "BAAI/bge-reranker-v2-m3", "revision": "953dc6f6f85a1b2dbfca4c34a2796e7dde08d41e", "download_seconds": 4.007992932994966, "packages": {"torch": "2.10.0+cu128", "transformers": "4.57.6", "huggingface-hub": "0.36.2"}}
scores E01 B2: 200 docs, 6.85s
scores E01 raw_employee: 200 docs, 5.79s
scores E02 B2: 200 docs, 9.05s
scores E02 raw_employee: 200 docs, 5.88s
scores E03 B2: 200 docs, 6.70s
scores E03 raw_employee: 200 docs, 5.28s
scores E04 B2: 200 docs, 8.00s
scores E04 raw_employee: 200 docs, 5.71s
scores E05 B2: 200 docs, 6.94s
scores E05 raw_employee: 200 docs, 5.62s
scores E06 B2: 200 docs, 6.90s
scores E06 raw_employee: 200 docs, 6.09s
scores E07 B2: 200 docs, 7.47s
scores E07 raw_employee: 200 docs, 5.70s
scores E08 B2: 200 docs, 7.82s
scores E08 raw_employee: 200 docs, 5.75s
scores E09 B2: 200 docs, 5.76s
scores E09 raw_employee: 200 docs, 4.31s
scores E10 B2: 200 docs, 5.81s
scores E10 raw_employee: 200 docs, 4.40s
scores E11 B2: 200 docs, 7.97s
scores E11 raw_employee: 200 docs, 4.72s
scores E12 B2: 200 docs, 6.17s
scores E12 raw_employee: 200 docs, 4.81s
scores E13 B2: 200 docs, 5.39s
scores E13 raw_employee: 200 docs, 4.54s
scores E14 B2: 200 docs, 7.45s
scores E14 raw_employee: 200 docs, 5.17s
scores M01 raw_employee: 200 docs, 6.65s
scores M02 raw_employee: 200 docs, 6.48s
scores M03 raw_employee: 200 docs, 6.58s
scores M04 raw_employee: 200 docs, 6.54s
timing E01 raw_employee repeat=1 N=20: 0.69s
timing E01 raw_employee repeat=1 N=50: 1.73s
timing E01 raw_employee repeat=1 N=100: 3.12s
timing E01 raw_employee repeat=1 N=200: 6.34s
timing E01 raw_employee repeat=1 N=805: 26.21s
timing E01 raw_employee repeat=2 N=20: 0.71s
timing E01 raw_employee repeat=2 N=50: 1.69s
timing E01 raw_employee repeat=2 N=100: 3.05s
timing E01 raw_employee repeat=2 N=200: 6.15s
timing E01 raw_employee repeat=2 N=805: 26.37s
timing E04 B2 repeat=1 N=20: 1.00s
timing E04 B2 repeat=1 N=50: 2.52s
timing E04 B2 repeat=1 N=100: 4.43s
timing E04 B2 repeat=1 N=200: 8.63s
timing E04 B2 repeat=1 N=805: 33.25s
timing E04 B2 repeat=2 N=20: 1.03s
timing E04 B2 repeat=2 N=50: 2.41s
timing E04 B2 repeat=2 N=100: 4.41s
timing E04 B2 repeat=2 N=200: 8.88s
timing E04 B2 repeat=2 N=805: 33.71s
