Traceback (most recent call last):
  File "S:\caliburn\docs\experiments\2026-10-05-memory-public-unit-retrieval\run-01\benchmark_rerank.py", line 35, in <module>
    if __name__=='__main__':main()
                            ^^^^^^
  File "S:\caliburn\docs\experiments\2026-10-05-memory-public-unit-retrieval\run-01\benchmark_rerank.py", line 12, in main
    expected={(r['case_id'],r['method']):r for r in read(HERE/'rerank-results.json')}
                                                    ^^^^^^^^^^^^^^^^^^^^^^^^^^^^^^^^
  File "S:\caliburn\docs\experiments\2026-10-05-memory-public-unit-retrieval\run-01\common.py", line 14, in read
    def read(p):return json.loads(Path(p).read_text(encoding='utf-8'))
                       ^^^^^^^^^^^^^^^^^^^^^^^^^^^^^^^^^^^^^^^^^^^^^^^
  File "C:\Users\chenb\AppData\Roaming\uv\python\cpython-3.11-windows-x86_64-none\Lib\json\__init__.py", line 346, in loads
    return _default_decoder.decode(s)
           ^^^^^^^^^^^^^^^^^^^^^^^^^^
  File "C:\Users\chenb\AppData\Roaming\uv\python\cpython-3.11-windows-x86_64-none\Lib\json\decoder.py", line 337, in decode
    obj, end = self.raw_decode(s, idx=_w(s, 0).end())
               ^^^^^^^^^^^^^^^^^^^^^^^^^^^^^^^^^^^^^^
  File "C:\Users\chenb\AppData\Roaming\uv\python\cpython-3.11-windows-x86_64-none\Lib\json\decoder.py", line 353, in raw_decode
    obj, end = self.scan_once(s, idx)
               ^^^^^^^^^^^^^^^^^^^^^^
json.decoder.JSONDecodeError: Expecting ',' delimiter: line 7944 column 30 (char 162436)
