F                                                                        [100%]
================================== FAILURES ===================================
_________ test_selection_wait_does_not_hold_other_document_admission __________

jd = <analysis_agent.jd_service.JdService object at 0x000001FBD50D79E0>
tmp_path = WindowsPath('S:/caliburn/.worktrees/analysis-only-agent/scratch/task5-pytest-bd30aaa4-f557-4381-9b20-0f9ac6c5419b/test_selection_wait_does_not_h0')
monkeypatch = <_pytest.monkeypatch.MonkeyPatch object at 0x000001FBD4B5F530>

    def test_selection_wait_does_not_hold_other_document_admission(jd,tmp_path,monkeypatch):
        from threading import Thread
        from analysis_agent.jd_contract import revision_ref
        intent=prepared(jd)
        entered,release,other_done=Event(),Event(),Event()
        errors=[]
        with service_harness(tmp_path,engine=jd.catalog.engine) as (service,sent,_):
            service.jd=jd
            other=service.create_document('Selection sibling')['id']
            original=jd.engine.selection
            def paused(*args,**kwargs):
                entered.set(); assert release.wait(10)
                return original(*args,**kwargs)
            monkeypatch.setattr(jd.engine,'selection',paused)
            def selected():
                try:
                    service.submit(intent.scope.document_id,'selection','原選取',jd_selection={
                        'base_revision_ref':revision_ref(intent.scope,intent.base_id),
                        'range':{'anchor':{'path':[0,0],'offset':0},'focus':{'path':[0,0],'offset':1}}})
                except Exception as exc: errors.append(exc)
            worker=Thread(target=selected);worker.start()
            sibling=Thread(target=lambda:(service.submit(other,'sibling','另一文件'),other_done.set()))
            try:
                assert entered.wait(5)
                sibling.start()
                assert other_done.wait(3),'A selection must not hold the global admission lock'
            finally:
                release.set();worker.join(10);sibling.join(10)
>           assert not errors
E           AssertionError: assert not [ServiceConflict('JD selection is unavailable; select supported saved content again')]

tests\test_jd_admission.py:175: AssertionError
-------------------------- Captured stdout teardown ---------------------------
PG exact snapshot: task-2-pg-cb6417a8-9c2a-4abb-a19a-184043247cd0.jsonl
=========================== short test summary info ===========================
FAILED tests/test_jd_admission.py::test_selection_wait_does_not_hold_other_document_admission
1 failed, 5 deselected in 5.94s
