npm error code ECONNREFUSED
npm error syscall connect
npm error errno ECONNREFUSED
npm error FetchError: request to https://registry.npmjs.org/prosemirror-suggestion-mode failed, reason: connect ECONNREFUSED 127.0.0.1:9
npm error     at ClientRequest.<anonymous> (D:\nodejs\node_modules\npm\node_modules\minipass-fetch\lib\index.js:130:14)
npm error     at ClientRequest.emit (node:events:524:28)
npm error     at emitErrorEvent (node:_http_client:104:11)
npm error     at _destroy (node:_http_client:892:9)
npm error     at onSocketNT (node:_http_client:912:5)
npm error     at process.processTicksAndRejections (node:internal/process/task_queues:91:21) {
npm error   code: 'ECONNREFUSED',
npm error   errno: 'ECONNREFUSED',
npm error   syscall: 'connect',
npm error   address: '127.0.0.1',
npm error   port: 9,
npm error   type: 'system'
npm error }
npm error
npm error If you are behind a proxy, please make sure that the
npm error 'proxy' config is set properly.  See: 'npm help config'
npm error A complete log of this run can be found in: S:\caliburn\.research-tmp\jd-editor-pm-review-probe\.npm-cache\_logs\2026-09-09T14_40_21_929Z-debug-0.log
