........................................................................ [  2%]
...............................................ssss..................... [  5%]
....................................................................ssss [  8%]
........................................................................ [ 11%]
...........................................................s............ [ 14%]
...................sssssssssssssssssssssss.............................. [ 17%]
........................................................................ [ 20%]
...................sss.................................................. [ 23%]
........................................................................ [ 26%]
........................................................................ [ 29%]
........................................................................ [ 32%]
............ssssss.................ss................................... [ 35%]
........................................................................ [ 38%]
................................................................ssss.... [ 41%]
........................................................................ [ 44%]
........................................................................ [ 47%]
....................................ssss................................ [ 50%]
........................................................................ [ 53%]
........................................................................ [ 56%]
........................................................................ [ 59%]
........................................................................ [ 62%]
..........................................s...................ssssssss.. [ 65%]
........ssssssssssss..............sssssssssss........................... [ 68%]
..s.............sssssssssss............................................. [ 71%]
.....ssssssssssssssssss................................................. [ 74%]
........................................................................ [ 77%]
........................................................................ [ 80%]
........................................................................ [ 83%]
..............sssss..................................................... [ 86%]
........................................................................ [ 89%]
.........................ssssssssssssssssssssssssssssssssss............. [ 92%]
sssssssssss...............................ssssssssssssssssssssssssssss.. [ 95%]
....................ssssssssssssssssss.................................. [ 98%]
............................................                             [100%]
============================== warnings summary ===============================
.venv\Lib\site-packages\starlette\testclient.py:53
  S:\caliburn\experiments\jd-relational-app\.venv\Lib\site-packages\starlette\testclient.py:53: DeprecationWarning: The anyio.abc.BlockingPortal alias is deprecated, use anyio.from_thread.BlockingPortal instead.
    _PortalFactoryType = Callable[[], AbstractContextManager[anyio.abc.BlockingPortal]]

-- Docs: https://docs.pytest.org/en/stable/how-to/capture-warnings.html
2211 passed, 209 skipped, 1 warning in 41.84s
