node:internal/modules/run_main:123
    triggerUncaughtException(
    ^

ExpectError: expect(locator).not.toBeEditable() failed

Locator: getByRole('textbox', { name: '職務說明書正文' })
Expected: not editable
Timeout: 5000ms
Error: element(s) not found

Call log:
  - Expect "to.be.editable" with timeout 5000ms
  - waiting for getByRole('textbox', { name: '職務說明書正文' })

    at captureRawStack (S:\caliburn\.worktrees\analysis-only-agent\experiments\jd-editor\node_modules\playwright-core\lib\coreBundle.js:3172:17)
    at callMatcherAsStep (S:\caliburn\.worktrees\analysis-only-agent\experiments\jd-editor\node_modules\playwright\lib\matchers\expect.js:12875:57)
    at Object.toBeEditable (S:\caliburn\.worktrees\analysis-only-agent\experiments\jd-editor\node_modules\playwright\lib\matchers\expect.js:12865:23)
    at S:\caliburn\.worktrees\analysis-only-agent\experiments\jd-editor\web\browser\task4-fix1-rejection.mjs:52:28 {
  matcherResult: {
    message: 'expect(locator).not.toBeEditable() failed\n' +
      '\n' +
      "Locator: getByRole('textbox', { name: '職務說明書正文' })\n" +
      'Expected: not editable\n' +
      'Timeout: 5000ms\n' +
      'Error: element(s) not found\n' +
      '\n' +
      'Call log:\n' +
      '  - Expect "to.be.editable" with timeout 5000ms\n' +
      "  - waiting for getByRole('textbox', { name: '職務說明書正文' })\n",
    pass: true,
    actual: undefined,
    name: 'toBeEditable',
    expected: 'editable',
    log: [
      '  - Expect "to.be.editable" with timeout 5000ms',
      "  - waiting for getByRole('textbox', { name: '職務說明書正文' })"
    ],
    timeout: 5000,
    ariaSnapshot: '- main:\n' +
      '  - link "← 我的職務說明書":\n' +
      '    - /url: /\n' +
      '  - heading "拒絕／未知驗證" [level=1]\n' +
      '  - status: 未保存\n' +
      '  - alert:\n' +
      '    - text: "保存尚未確認：TypeError: Failed to fetch"\n' +
      '    - button "重新讀取"\n' +
      '  - region "顧問訪談":\n' +
      '    - heading "顧問訪談" [level=2]\n' +
      '    - paragraph: 先談你的實際工作，資料足夠時顧問會開始整理。你可以隨時補充或更正。\n' +
      '    - text: 補充或更正你的工作\n' +
      '    - textbox "補充或更正你的工作":\n' +
      '      - /placeholder: 例如：這項工作只在客戶提出需求時執行…\n' +
      '    - paragraph: 選取正文後送出，可請顧問處理該段；未保存修改會先保存。\n' +
      '    - button "送出" [disabled]\n' +
      '  - region "目前職務說明書":\n' +
      '    - heading "職務說明書" [level=2]\n' +
      '    - button "保存" [disabled]\n' +
      '    - button "這次改動"\n' +
      '    - button "讀取上一筆歷史"\n' +
      '    - button "粗體" [disabled]\n' +
      '    - button "斜體" [disabled]\n' +
      '    - button "底線" [disabled]\n' +
      '    - button "刪除線" [disabled]\n' +
      '    - button "復原" [disabled]\n' +
      '    - button "重做" [disabled]\n' +
      '    - button "表格增列" [disabled]\n' +
      '    - button "表格刪列" [disabled]\n' +
      '    - button "複製區塊" [disabled]\n' +
      '    - paragraph: 網路未知必須保留\n' +
      '    - complementary:\n' +
      '      - heading "尚待處理的送出候選" [level=3]\n' +
      '      - paragraph: 這份材料尚未確認保存；不會覆蓋目前工作稿。未處理前關頁再開仍會保留。\n' +
      '      - button "依原記錄再次確認"\n' +
      '      - button "捨棄這份候選" [disabled]\n' +
      '      - paragraph: 網路未知必須保留\n' +
      '- alert'
  }
}

Node.js v22.23.2
