
> @caliburn/jd-editor-web@0.0.1 prebuild
> npm run build -w @caliburn/jd-editor-native


> @caliburn/jd-editor-native@0.0.1 build
> tsc -p tsconfig.json


> @caliburn/jd-editor-web@0.0.1 build
> next build

▲ Next.js 16.3.3 (Turbopack)
✓ Running next.config.ts took 24ms

  Creating an optimized production build ...
✓ Compiled successfully in 1077ms
  Running TypeScript ...
  Finished TypeScript in 1980ms ...
  Collecting page data using 5 workers ...
  Generating static pages using 5 workers (0/3) ...
✓ Generating static pages using 5 workers (3/3) in 431ms
  Finalizing page optimization ...

Route (app)
┌ ○ /
├ ○ /_not-found
└ ƒ /workspace/[document_id]


○  (Static)   prerendered as static content
ƒ  (Dynamic)  server-rendered on demand

