Scored 1/63 F01-whole-1
Scored 2/63 F01-B1-W-0
Scored 3/63 F01-B1-S-0
Scored 4/63 F01-B2-S-0
Scored 5/63 F02-whole-1
Scored 6/63 F02-B1-W-0
Scored 7/63 F02-B1-S-0
Scored 8/63 F02-B2-S-0
Scored 9/63 F03-whole-1
Scored 10/63 F03-B1-W-0
Scored 11/63 F03-B1-S-0
Scored 12/63 F03-B1-S-1
Scored 13/63 F03-B2-S-0
Scored 14/63 F03-B2-S-1
Scored 15/63 F04-whole-1
Scored 16/63 F04-B1-W-0
Scored 17/63 F04-B1-S-0
Scored 18/63 F04-B1-S-1
Scored 19/63 F04-B1-S-2
Scored 20/63 F04-B1-S-3
Scored 21/63 F04-B2-S-0
Scored 22/63 F05-whole-1
Scored 23/63 F05-B1-W-0
Scored 24/63 F05-B1-S-0
Scored 25/63 F05-B1-S-1
Scored 26/63 F05-B2-S-0
Scored 27/63 H01-whole-1
Scored 28/63 H01-B1-W-0
Scored 29/63 H01-B1-S-0
Scored 30/63 H01-B1-S-1
Scored 31/63 H01-B1-S-2
Scored 32/63 H01-B1-S-3
Scored 33/63 H01-B2-S-0
Scored 34/63 H02-whole-1
Scored 35/63 H02-B1-W-0
Scored 36/63 H02-B1-S-0
Scored 37/63 H02-B1-S-1
Scored 38/63 H02-B1-S-2
Scored 39/63 H02-B1-S-3
Scored 40/63 H02-B1-S-4
Scored 41/63 H02-B2-S-0
Scored 42/63 H03-whole-1
Scored 43/63 H03-B1-W-0
Scored 44/63 H03-B1-S-0
Scored 45/63 H03-B1-S-1
Scored 46/63 H03-B1-S-2
Scored 47/63 H03-B1-S-3
Scored 48/63 H03-B1-S-4
Scored 49/63 H03-B1-S-5
Scored 50/63 H03-B1-S-6
Scored 51/63 H03-B1-S-7
Scored 52/63 H03-B1-S-8
Scored 53/63 H03-B1-S-9
Scored 54/63 H03-B1-S-10
Scored 55/63 H03-B1-S-11
Scored 56/63 H03-B1-S-12
Scored 57/63 H03-B1-S-13
Scored 58/63 H03-B1-S-14
Scored 59/63 H03-B1-S-15
Scored 60/63 H03-B2-S-0
Scored 61/63 H03-B2-S-1
Scored 62/63 H03-B2-S-2
Scored 63/63 H03-B2-S-3
[{"variant": "O", "depth_each_route": 20, "query_count": 8, "query_parent_pair_workload": 247, "employee_unique_parents_total": 247, "unassessed_cases": ["H01"], "known_targets_total": 12, "known_targets_retained": 12, "known_facets_total": 8, "known_facets_retained": 8, "clear_targets_total": 10, "clear_targets_retained": 10, "clear_facets_total": 8, "clear_facets_retained": 8}, {"variant": "O", "depth_each_route": 40, "query_count": 8, "query_parent_pair_workload": 480, "employee_unique_parents_total": 480, "unassessed_cases": ["H01"], "known_targets_total": 12, "known_targets_retained": 12, "known_facets_total": 8, "known_facets_retained": 8, "clear_targets_total": 10, "clear_targets_retained": 10, "clear_facets_total": 8, "clear_facets_retained": 8}, {"variant": "O", "depth_each_route": 80, "query_count": 8, "query_parent_pair_workload": 926, "employee_unique_parents_total": 926, "unassessed_cases": ["H01"], "known_targets_total": 12, "known_targets_retained": 12, "known_facets_total": 8, "known_facets_retained": 8, "clear_targets_total": 10, "clear_targets_retained": 10, "clear_facets_total": 8, "clear_facets_retained": 8}, {"variant": "B1-W", "depth_each_route": 20, "query_count": 8, "query_parent_pair_workload": 249, "employee_unique_parents_total": 249, "unassessed_cases": ["H01"], "known_targets_total": 12, "known_targets_retained": 11, "known_facets_total": 8, "known_facets_retained": 7, "clear_targets_total": 10, "clear_targets_retained": 9, "clear_facets_total": 8, "clear_facets_retained": 7}, {"variant": "B1-W", "depth_each_route": 40, "query_count": 8, "query_parent_pair_workload": 485, "employee_unique_parents_total": 485, "unassessed_cases": ["H01"], "known_targets_total": 12, "known_targets_retained": 12, "known_facets_total": 8, "known_facets_retained": 8, "clear_targets_total": 10, "clear_targets_retained": 10, "clear_facets_total": 8, "clear_facets_retained": 8}, {"variant": "B1-W", "depth_each_route": 80, "query_count": 8, "query_parent_pair_workload": 949, "employee_unique_parents_total": 949, "unassessed_cases": ["H01"], "known_targets_total": 12, "known_targets_retained": 12, "known_facets_total": 8, "known_facets_retained": 8, "clear_targets_total": 10, "clear_targets_retained": 10, "clear_facets_total": 8, "clear_facets_retained": 8}, {"variant": "B1-S", "depth_each_route": 20, "query_count": 35, "query_parent_pair_workload": 1101, "employee_unique_parents_total": 620, "unassessed_cases": ["H01"], "known_targets_total": 12, "known_targets_retained": 11, "known_facets_total": 8, "known_facets_retained": 7, "clear_targets_total": 10, "clear_targets_retained": 9, "clear_facets_total": 8, "clear_facets_retained": 7}, {"variant": "B1-S", "depth_each_route": 40, "query_count": 35, "query_parent_pair_workload": 2174, "employee_unique_parents_total": 1108, "unassessed_cases": ["H01"], "known_targets_total": 12, "known_targets_retained": 12, "known_facets_total": 8, "known_facets_retained": 8, "clear_targets_total": 10, "clear_targets_retained": 10, "clear_facets_total": 8, "clear_facets_retained": 8}, {"variant": "B1-S", "depth_each_route": 80, "query_count": 35, "query_parent_pair_workload": 4189, "employee_unique_parents_total": 1842, "unassessed_cases": ["H01"], "known_targets_total": 12, "known_targets_retained": 12, "known_facets_total": 8, "known_facets_retained": 8, "clear_targets_total": 10, "clear_targets_retained": 10, "clear_facets_total": 8, "clear_facets_retained": 8}, {"variant": "B2-S", "depth_each_route": 20, "query_count": 12, "query_parent_pair_workload": 381, "employee_unique_parents_total": 324, "unassessed_cases": ["H01"], "known_targets_total": 12, "known_targets_retained": 11, "known_facets_total": 8, "known_facets_retained": 7, "clear_targets_total": 10, "clear_targets_retained": 9, "clear_facets_total": 8, "clear_facets_retained": 7}, {"variant": "B2-S", "depth_each_route": 40, "query_count": 12, "query_parent_pair_workload": 748, "employee_unique_parents_total": 628, "unassessed_cases": ["H01"], "known_targets_total": 12, "known_targets_retained": 12, "known_facets_total": 8, "known_facets_retained": 8, "clear_targets_total": 10, "clear_targets_retained": 10, "clear_facets_total": 8, "clear_facets_retained": 8}, {"variant": "B2-S", "depth_each_route": 80, "query_count": 12, "query_parent_pair_workload": 1438, "employee_unique_parents_total": 1166, "unassessed_cases": ["H01"], "known_targets_total": 12, "known_targets_retained": 12, "known_facets_total": 8, "known_facets_retained": 8, "clear_targets_total": 10, "clear_targets_retained": 10, "clear_facets_total": 8, "clear_facets_retained": 8}]
